TESTING: /Users/nisargpatel/Documents/fall2025/cs3220/procdesign-proj2/test/part3/add.mem
TESTING: /Users/nisargpatel/Documents/fall2025/cs3220/procdesign-proj2/test/part3/and.mem
TESTING: /Users/nisargpatel/Documents/fall2025/cs3220/procdesign-proj2/test/part3/andi.mem
TESTING: /Users/nisargpatel/Documents/fall2025/cs3220/procdesign-proj2/test/part3/bgeu.mem
TESTING: /Users/nisargpatel/Documents/fall2025/cs3220/procdesign-proj2/test/part3/blt.mem
TESTING: /Users/nisargpatel/Documents/fall2025/cs3220/procdesign-proj2/test/part3/bltu.mem
TESTING: /Users/nisargpatel/Documents/fall2025/cs3220/procdesign-proj2/test/part3/bne.mem
TESTING: /Users/nisargpatel/Documents/fall2025/cs3220/procdesign-proj2/test/part3/jal.mem
TESTING: /Users/nisargpatel/Documents/fall2025/cs3220/procdesign-proj2/test/part3/jalr.mem
TESTING: /Users/nisargpatel/Documents/fall2025/cs3220/procdesign-proj2/test/part3/lui.mem
TESTING: /Users/nisargpatel/Documents/fall2025/cs3220/procdesign-proj2/test/part3/lw.mem
TESTING: /Users/nisargpatel/Documents/fall2025/cs3220/procdesign-proj2/test/part3/or.mem
TESTING: /Users/nisargpatel/Documents/fall2025/cs3220/procdesign-proj2/test/part3/ori.mem
TESTING: /Users/nisargpatel/Documents/fall2025/cs3220/procdesign-proj2/test/part3/simple.mem
TESTING: /Users/nisargpatel/Documents/fall2025/cs3220/procdesign-proj2/test/part3/sll.mem
TESTING: /Users/nisargpatel/Documents/fall2025/cs3220/procdesign-proj2/test/part3/slli.mem
TESTING: /Users/nisargpatel/Documents/fall2025/cs3220/procdesign-proj2/test/part3/slt.mem
TESTING: /Users/nisargpatel/Documents/fall2025/cs3220/procdesign-proj2/test/part3/slti.mem
TESTING: /Users/nisargpatel/Documents/fall2025/cs3220/procdesign-proj2/test/part3/sltiu.mem
TESTING: /Users/nisargpatel/Documents/fall2025/cs3220/procdesign-proj2/test/part3/sltu.mem
TESTING: /Users/nisargpatel/Documents/fall2025/cs3220/procdesign-proj2/test/part3/sra.mem
TESTING: /Users/nisargpatel/Documents/fall2025/cs3220/procdesign-proj2/test/part3/srai.mem
TESTING: /Users/nisargpatel/Documents/fall2025/cs3220/procdesign-proj2/test/part3/srl.mem
TESTING: /Users/nisargpatel/Documents/fall2025/cs3220/procdesign-proj2/test/part3/srli.mem
TESTING: /Users/nisargpatel/Documents/fall2025/cs3220/procdesign-proj2/test/part3/sub.mem
TESTING: /Users/nisargpatel/Documents/fall2025/cs3220/procdesign-proj2/test/part3/test10.mem
TESTING: /Users/nisargpatel/Documents/fall2025/cs3220/procdesign-proj2/test/part3/testall.mem
TESTING: /Users/nisargpatel/Documents/fall2025/cs3220/procdesign-proj2/test/part3/xor.mem
TESTING: /Users/nisargpatel/Documents/fall2025/cs3220/procdesign-proj2/test/part3/xori.mem
